#ifndef LYNX_CFG_H
#define LYNX_CFG_H 1

/* SUPPRESS 530 */ /* Empty body for statement */
/* SUPPRESS 593 on yyerrlab */ /* Label was not used */
/* SUPPRESS 593 on yynewstate */ /* Label was not used */
/* SUPPRESS 595 on yypvt */ /* Automatic variable may be used before set */

# endif /* LYNX_CFG_H */
#ifndef LYNX_CFG_H
#define LYNX_CFG_H 1

#if level1
#if level2
#define LEVEL2 1
int level2;
#else /* level2a */
#define LEVEL2a 1
int level2a;
#endif
int level1;
#endif

# endif /* LYNX_CFG_H */
#ifndef LYNX_CFG_H
#define LYNX_CFG_H 1

# endif //LYNX_CFG_H
